// Jest Snapshot v1, https://goo.gl/fbAQLP

exports[`pagination should take a snapshot 1`] = `
<DocumentFragment>
  <div
    class="pagination"
  >
    <button
      class="pagination__arrow-btn"
      data-testid="goOnePageBack"
      type="button"
    >
      &lt;
    </button>
    <button
      class="pagination__page-btn--active"
      data-testid="0"
      name="1"
      type="button"
    >
      1
    </button>
    <button
      class="pagination__page-btn"
      data-testid="1"
      name="2"
      type="button"
    >
      2
    </button>
    <button
      class="pagination__page-btn"
      data-testid="2"
      name="3"
      type="button"
    >
      3
    </button>
    <button
      class="pagination__page-btn"
      data-testid="3"
      name="4"
      type="button"
    >
      4
    </button>
    <button
      class="pagination__page-btn"
      data-testid="4"
      name="5"
      type="button"
    >
      5
    </button>
    <button
      class="pagination__page-btn"
      data-testid="5"
      name="6"
      type="button"
    >
      6
    </button>
    <button
      class="pagination__page-btn"
      data-testid="6"
      name="7"
      type="button"
    >
      7
    </button>
    <button
      class="pagination__arrow-btn"
      data-testid="goOnePageFurther"
      type="button"
    >
      &gt;
    </button>
  </div>
</DocumentFragment>
`;
