// Jest Snapshot v1, https://goo.gl/fbAQLP

exports[`comapnyCard should take a snapshot 1`] = `
<DocumentFragment>
  <div
    class="results"
  >
    <div
      class="results__item"
    >
      <button
        class="results__item__header"
        data-testid="aridon"
        type="button"
      >
        <img
          alt=""
          class="results__item__header__avatar"
          src="https://account.globaldatabase.com/logo/ebs-integrator.com/"
        />
        <div>
          <div
            class="results__item__header__name"
          >
            Comapny Name
          </div>
          <div
            class="results__item__header__location"
          >
            Chisinau
          </div>
        </div>
      </button>
      <div
        class="results__item__company-info"
      >
        <div
          class="results__item__company-info__column"
        >
          <div
            class="results__item__company-info__column__item"
          >
            <p
              class="results__item__company-info__column__item--key"
            >
              IDNO:
            </p>
            <p
              class="results__item__company-info__column__item--value"
            >
              123456789
            </p>
          </div>
          <div
            class="results__item__company-info__column__item"
          >
            <p
              class="results__item__company-info__column__item--key"
            >
              Status
            </p>
            <button
              class="results__item__company-info__column__item--value"
              type="button"
            >
              ACTIV
            </button>
          </div>
          <div
            class="results__item__company-info__column__item"
          >
            <p
              class="results__item__company-info__column__item--key"
            >
              Date of establishment:
            </p>
            <p
              class="results__item__company-info__column__item--value"
            >
              2020
            </p>
          </div>
          <div
            class="results__item__company-info__column__item"
          >
            <p
              class="results__item__company-info__column__item--key"
            >
              Varsta
            </p>
            <p
              class="results__item__company-info__column__item--value"
            >
              0
            </p>
          </div>
        </div>
        <div
          class="results__item__company-info__column"
        >
          <div
            class="results__item__company-info__column__item"
          >
            <p
              class="results__item__company-info__column__item--key"
            >
              Nr. by the employees:
            </p>
            <p
              class="results__item__company-info__column__item--value"
            >
              10-20
            </p>
          </div>
          <div
            class="results__item__company-info__column__item"
          >
            <p
              class="results__item__company-info__column__item--key"
            >
              Turnover:
            </p>
            <p
              class="results__item__company-info__column__item--value"
            >
              999999 MDL
            </p>
          </div>
          <div
            class="results__item__company-info__column__item"
          >
            <p
              class="results__item__company-info__column__item--key"
            >
              Industry
            </p>
            <p
              class="results__item__company-info__column__item--value"
            >
              IT
            </p>
          </div>
        </div>
        <div
          class="results__item__company-info__column--row"
        >
          <div
            class="results__item__company-info__column__item--key"
          >
            Contact
          </div>
          <div>
            <div
              class="results__item__company-info__column__item--value"
            >
              <div
                class="results__item__company-info__column__item__results"
              >
                <img
                  alt="phone"
                  class="results__item__company-info__column__item__icon"
                  src="../phone.png"
                />
                <p>
                  Phone
                </p>
              </div>
            </div>
            <div
              class="results__item__company-info__column__item--value"
            >
              <div
                class="results__item__company-info__column__item__results"
              >
                <img
                  alt="phone"
                  class="results__item__company-info__column__item__icon"
                  src="../mobile.png"
                />
                <p>
                  Mobile
                </p>
              </div>
            </div>
            <div
              class="results__item__company-info__column__item--value"
            >
              <div
                class="results__item__company-info__column__item__results"
              >
                <img
                  alt="phone"
                  class="results__item__company-info__column__item__icon"
                  src="../email.png"
                />
                <p>
                  Email
                </p>
              </div>
            </div>
          </div>
        </div>
      </div>
    </div>
  </div>
</DocumentFragment>
`;
